Microchip MPLAB XC8 Compiler V2.10 ()

Linker command line:

-W-3 --edf=C:\Program Files (x86)\Microchip\xc8\v2.10\pic\dat\en_msgs.txt \
  -cs -h+dist/default/production\LAB3.X.production.sym \
  --cmf=dist/default/production\LAB3.X.production.cmf -z -Q16F887 \
  -oC:\Users\rodri\AppData\Local\Temp\sb4k.2 --defsym=__MPLAB_BUILD=1 \
  -Mdist/default/production/LAB3.X.production.map -E1 -ver=XC8 \
  -ASTACK=0110h-016Fh -pstack=STACK -ACODE=00h-07FFhx4 -ASTRCODE=00h-01FFFh \
  -ASTRING=00h-0FFhx32 -ACONST=00h-0FFhx32 -AENTRY=00h-0FFhx32 \
  -ACOMMON=070h-07Fh -ABANK0=020h-06Fh -ABANK1=0A0h-0EFh \
  -ABANK2=0110h-016Fh -ABANK3=0190h-01EFh \
  -ARAM=020h-06Fh,0A0h-0EFh,0110h-016Fh,0190h-01EFh \
  -AABS1=020h-07Fh,0A0h-0EFh,0110h-016Fh,0190h-01EFh -ASFR0=00h-01Fh \
  -ASFR1=080h-09Fh -ASFR2=0100h-010Fh -ASFR3=0180h-018Fh \
  -preset_vec=00h,intentry=04h,init,end_init -ppowerup=CODE -pcinit=CODE \
  -pfunctab=ENTRY -ACONFIG=02007h-02008h -pconfig=CONFIG -DCONFIG=2 \
  -AIDLOC=02000h-02003h -pidloc=IDLOC -DIDLOC=2 -AEEDATA=00h-0FFh/02100h \
  -peeprom_data=EEDATA -DEEDATA=2 -DCODE=2 -DSTRCODE=2 -DSTRING=2 -DCONST=2 \
  -DENTRY=2 -k C:\Users\rodri\AppData\Local\Temp\sb4k.o \
  dist/default/production\LAB3.X.production.o 

Object code version is 3.11

Machine type is 16F887



                Name                               Link     Load   Length Selector   Space Scale
C:\Users\rodri\AppData\Local\Temp\sb4k.o
                end_init                              C        C        3        8       0
                reset_vec                             0        0        3        0       0
                config                             2007     2007        2     400E       0
dist/default/production\LAB3.X.production.o
                cinit                                 F        F       12        8       0
                intentry                              4        4        8        8       0
                text1_split_1                        21       21      617        8       0
                text40                             1C86     1C86        8     390C       0
                text39                             1DFD     1DFD       2D     3BFA       0
                text38                             1ECF     1ECF       3E     3D9E       0
                text37                             1CEB     1CEB       20     39D6       0
                text36                             1DD1     1DD1       2C     3BA2       0
                text35                             1D55     1D55       26     3AAA       0
                text34                             1C7F     1C7F        7     38FE       0
                text33                             12ED     12ED       9D     25DA       0
                text32                             1447     1447       DD     288E       0
                text31                             1CA0     1CA0        C     3940       0
                text30                             1D7B     1D7B       2B     3AF6       0
                text29                             1C96     1C96        A     392C       0
                text28                             1CBE     1CBE       16     397C       0
                text27                             11DF     11DF       82     23BE       0
                text26                              800      800       29     1000       0
                text25                             1524     1524       E5     2A48       0
                text24                             1DA6     1DA6       2B     3B4C       0
                text23                             1703     1703       FD     2E06       0
                text22                              7E1      7E1       1C        8       0
                text21                             1F0D     1F0D       44     3E1A       0
                text20                             1E5D     1E5D       38     3CBA       0
                text19                             10BE     10BE        A     217C       0
                text18                              955      955      136     12AA       0
                text17                             1D0B     1D0B       25     3A16       0
                text16                             1261     1261       8C     24C2       0
                text15                             110E     110E       68     221C       0
                text14                             1F51     1F51       56     3EA2       0
                text13                             1E2A     1E2A       33     3C54       0
                text12                             1D30     1D30       25     3A60       0
                text11                              829      829      12C     1052       0
                text10                             138A     138A       BD     2714       0
                text9                              1CD4     1CD4       17     39A8       0
                text8                              10C8     10C8       46     2190       0
                text7                              1E95     1E95       3A     3D2A       0
                text6                               638      638      1A9        8       0
                text5                              1CAC     1CAC       12     3958       0
                text4                              1176     1176       69     22EC       0
                text3                              1FA7     1FA7       59     3F4E       0
                text2                               D45      D45      2BB     1A8A       0
                text1                               A8B      A8B      2BA     1516       0
                maintext                           1609     1609       FA     2C12       0
                cstackBANK0                          20       20       4C       20       1
                cstackCOMMON                         70       70        A       70       1
                cstackBANK1                          A0       A0       1F       A0       1
                clrtext                            1C8E     1C8E        8     391C       0
                bssBANK1                             BF       BF       1B       A0       1
                bssBANK0                             6C       6C        2       20       1
                bssCOMMON                            7A       7A        1       70       1
                strings                            1000     1000       BE     2000       0

TOTAL           Name                               Link     Load   Length     Space
        CLASS   STACK          

        CLASS   CODE           
                end_init                              C        C        3         0
                cinit                                 F        F       12         0
                intentry                              4        4        8         0
                reset_vec                             0        0        3         0
                text1_split_1                        21       21      617         0
                text40                             1C86     1C86        8         0
                text39                             1DFD     1DFD       2D         0
                text38                             1ECF     1ECF       3E         0
                text37                             1CEB     1CEB       20         0
                text36                             1DD1     1DD1       2C         0
                text35                             1D55     1D55       26         0
                text34                             1C7F     1C7F        7         0
                text33                             12ED     12ED       9D         0
                text32                             1447     1447       DD         0
                text31                             1CA0     1CA0        C         0
                text30                             1D7B     1D7B       2B         0
                text29                             1C96     1C96        A         0
                text28                             1CBE     1CBE       16         0
                text27                             11DF     11DF       82         0
                text26                              800      800       29         0
                text25                             1524     1524       E5         0
                text24                             1DA6     1DA6       2B         0
                text23                             1703     1703       FD         0
                text22                              7E1      7E1       1C         0
                text21                             1F0D     1F0D       44         0
                text20                             1E5D     1E5D       38         0
                text19                             10BE     10BE        A         0
                text18                              955      955      136         0
                text17                             1D0B     1D0B       25         0
                text16                             1261     1261       8C         0
                text15                             110E     110E       68         0
                text14                             1F51     1F51       56         0
                text13                             1E2A     1E2A       33         0
                text12                             1D30     1D30       25         0
                text11                              829      829      12C         0
                text10                             138A     138A       BD         0
                text9                              1CD4     1CD4       17         0
                text8                              10C8     10C8       46         0
                text7                              1E95     1E95       3A         0
                text6                               638      638      1A9         0
                text5                              1CAC     1CAC       12         0
                text4                              1176     1176       69         0
                text3                              1FA7     1FA7       59         0
                text2                               D45      D45      2BB         0
                text1                               A8B      A8B      2BA         0
                maintext                           1609     1609       FA         0
                clrtext                            1C8E     1C8E        8         0

        CLASS   STRCODE        

        CLASS   STRING         
                strings                            1000     1000       BE         0

        CLASS   CONST          

        CLASS   ENTRY          

        CLASS   COMMON         
                cstackCOMMON                         70       70        A         1
                bssCOMMON                            7A       7A        1         1

        CLASS   BANK0          
                cstackBANK0                          20       20       4C         1
                bssBANK0                             6C       6C        2         1

        CLASS   BANK1          
                cstackBANK1                          A0       A0       1F         1
                bssBANK1                             BF       BF       1B         1

        CLASS   BANK2          

        CLASS   BANK3          

        CLASS   RAM            

        CLASS   ABS1           
                abs_s1                               7E       7E        2         1

        CLASS   SFR0           

        CLASS   SFR1           

        CLASS   SFR2           

        CLASS   SFR3           

        CLASS   CONFIG         
                config                             2007     2007        2         0

        CLASS   IDLOC          

        CLASS   EEDATA         



SEGMENTS        Name                           Load    Length   Top    Selector   Space  Class     Delta

                reset_vec                      000000  000003  000003         0       0  CODE        2
                intentry                       000004  0007F9  0007FD         8       0  CODE        2
                cstackBANK0                    000020  00004E  00006E        20       1  BANK0       1
                cstackCOMMON                   000070  00000B  00007B        70       1  COMMON      1
                cstackBANK1                    0000A0  00003A  0000DA        A0       1  BANK1       1
                text26                         000800  000029  000829      1000       0  CODE        2
                text11                         000829  00012C  000955      1052       0  CODE        2
                text18                         000955  000136  000A8B      12AA       0  CODE        2
                text1                          000A8B  0002BA  000D45      1516       0  CODE        2
                text2                          000D45  0002BB  001000      1A8A       0  CODE        2
                strings                        001000  0000BE  0010BE      2000       0  STRING      2
                text19                         0010BE  00000A  0010C8      217C       0  CODE        2
                text8                          0010C8  000046  00110E      2190       0  CODE        2
                text15                         00110E  000068  001176      221C       0  CODE        2
                text4                          001176  000069  0011DF      22EC       0  CODE        2
                text27                         0011DF  000082  001261      23BE       0  CODE        2
                text16                         001261  00008C  0012ED      24C2       0  CODE        2
                text33                         0012ED  00009D  00138A      25DA       0  CODE        2
                text10                         00138A  0000BD  001447      2714       0  CODE        2
                text32                         001447  0000DD  001524      288E       0  CODE        2
                text25                         001524  0000E5  001609      2A48       0  CODE        2
                maintext                       001609  0000FA  001703      2C12       0  CODE        2
                text23                         001703  0000FD  001800      2E06       0  CODE        2
                text34                         001C7F  000007  001C86      38FE       0  CODE        2
                text40                         001C86  000008  001C8E      390C       0  CODE        2
                clrtext                        001C8E  000008  001C96      391C       0  CODE        2
                text29                         001C96  00000A  001CA0      392C       0  CODE        2
                text31                         001CA0  00000C  001CAC      3940       0  CODE        2
                text5                          001CAC  000012  001CBE      3958       0  CODE        2
                text28                         001CBE  000016  001CD4      397C       0  CODE        2
                text9                          001CD4  000017  001CEB      39A8       0  CODE        2
                text37                         001CEB  000020  001D0B      39D6       0  CODE        2
                text17                         001D0B  000025  001D30      3A16       0  CODE        2
                text12                         001D30  000025  001D55      3A60       0  CODE        2
                text35                         001D55  000026  001D7B      3AAA       0  CODE        2
                text30                         001D7B  00002B  001DA6      3AF6       0  CODE        2
                text24                         001DA6  00002B  001DD1      3B4C       0  CODE        2
                text36                         001DD1  00002C  001DFD      3BA2       0  CODE        2
                text39                         001DFD  00002D  001E2A      3BFA       0  CODE        2
                text13                         001E2A  000033  001E5D      3C54       0  CODE        2
                text20                         001E5D  000038  001E95      3CBA       0  CODE        2
                text7                          001E95  00003A  001ECF      3D2A       0  CODE        2
                text38                         001ECF  00003E  001F0D      3D9E       0  CODE        2
                text21                         001F0D  000044  001F51      3E1A       0  CODE        2
                text14                         001F51  000056  001FA7      3EA2       0  CODE        2
                text3                          001FA7  000059  002000      3F4E       0  CODE        2
                config                         002007  000002  002009      400E       0  CONFIG      2


UNUSED ADDRESS RANGES

        Name                Unused          Largest block    Delta
        BANK0            0006E-0006F               2           1
        BANK1            000DA-000EF              16           1
        BANK2            00110-0016F              60           1
        BANK3            00190-001EF              60           1
        CODE             00003-00003               1           2
                         007FD-007FF               3
                         01800-01C7E             47F
        COMMON           0007B-0007D               3           1
        CONST            00003-00003               1           2
                         007FD-007FF               3
                         01800-01C7E             100
        EEDATA           02100-021FF             100           2
        ENTRY            00003-00003               1           2
                         007FD-007FF               3
                         01800-01C7E             100
        IDLOC            02000-02003               4           2
        RAM              0006E-0006F               2           1
                         000DA-000EF              16
                         00110-0016F              60
                         00190-001EF              60
        SFR0             00000-0001F              20           1
        SFR1             00080-0009F              20           1
        SFR2             00100-0010F              10           1
        SFR3             00180-0018F              10           1
        STACK            00110-0016F              60           1
        STRCODE          00003-00003               1           2
                         007FD-007FF               3
                         01800-01C7E             47F
        STRING           00003-00003               1           2
                         007FD-007FF               3
                         01800-01C7E             100

                                  Symbol Table

?___aldiv                    cstackBANK0  00020
?___awdiv                    cstackBANK0  00020
?___awmod                    cstackCOMMON 00073
?___awtoft                   cstackBANK0  00023
?___ftadd                    cstackBANK0  0004D
?___ftmul                    cstackBANK0  0002D
?___ftneg                    cstackCOMMON 00073
?___ftpack                   cstackCOMMON 00073
?___ftsub                    cstackBANK0  0005A
?___fttol                    cstackBANK0  00046
?___lldiv                    cstackBANK0  00020
?___llmod                    cstackBANK0  00028
?___lltoft                   cstackBANK0  00023
?___lwdiv                    cstackBANK0  00020
?___lwmod                    cstackCOMMON 00073
?___wmul                     cstackCOMMON 00073
?__div_to_l_                 cstackCOMMON 00073
?__tdiv_to_l_                cstackCOMMON 00073
?_conversion                 cstackBANK0  0003D
?_fround                     cstackBANK0  0003D
?_scale                      cstackBANK0  0003D
?_sprintf                    cstackBANK0  00060
LCD_Set_Cursor@a             cstackBANK0  00021
LCD_Set_Cursor@x             cstackBANK0  00020
LCD_Set_Cursor@y             cstackCOMMON 00077
PUERTO@x                     cstackCOMMON 00073
USART_Init@baudrate          cstackBANK0  00028
USART_Init@x                 cstackBANK0  00038
Write_USART@a                cstackCOMMON 00073
Write_USART_String@a         cstackCOMMON 00074
Write_USART_String@i         cstackCOMMON 00077
_ADC1                        bssBANK0     0006C
_ADC2                        bssBANK1     000C5
_ADCON0bits                  (abs)        0001F
_ADCON1                      (abs)        0009F
_ADRESH                      (abs)        0001E
_ANSEL                       (abs)        00188
_ANSELH                      (abs)        00189
_ANSELHbits                  (abs)        00189
_ANSELbits                   (abs)        00188
_BRGH                        (abs)        004C2
_CREN                        (abs)        000C4
_INTCONbits                  (abs)        0000B
_ISR                         text39       01DFD
_LCD_Init                    text36       01DD1
_LCD_Set_Cursor              text35       01D55
_LCD_clear                   text34       01C7F
_PIE1bits                    (abs)        0008C
_PIR1bits                    (abs)        0000C
_PORTB                       (abs)        00006
_PORTE                       (abs)        00009
_PUERTO                      text38       01ECF
_RB0                         (abs)        00030
_RB1                         (abs)        00031
_RB2                         (abs)        00032
_RB3                         (abs)        00033
_RB4                         (abs)        00034
_RB5                         (abs)        00035
_RB6                         (abs)        00036
_RB7                         (abs)        00037
_RCIF                        (abs)        00065
_RCREG                       (abs)        0001A
_RE0                         (abs)        00048
_RE1                         (abs)        00049
_Read_USART                  text40       01C86
_SPBRG                       (abs)        00099
_SPEN                        (abs)        000C7
_SYNC                        (abs)        004C4
_TRISA                       (abs)        00085
_TRISAbits                   (abs)        00085
_TRISB                       (abs)        00086
_TRISBbits                   (abs)        00086
_TRISC6                      (abs)        0043E
_TRISC7                      (abs)        0043F
_TRISE                       (abs)        00089
_TRISEbits                   (abs)        00089
_TRMT                        (abs)        004C1
_TXEN                        (abs)        004C5
_TXREG                       (abs)        00019
_USART_Init                  text32       01447
_Volt1                       bssBANK1     000C2
_Volt2                       bssBANK1     000BF
_Write_USART                 text31       01CA0
_Write_USART_String          text30       01D7B
__CFG_BOR4V$BOR40V           (abs)        00000
__CFG_BOREN$OFF              (abs)        00000
__CFG_CP$OFF                 (abs)        00000
__CFG_CPD$OFF                (abs)        00000
__CFG_FCMEN$OFF              (abs)        00000
__CFG_FOSC$INTRC_NOCLKOUT    (abs)        00000
__CFG_IESO$OFF               (abs)        00000
__CFG_LVP$OFF                (abs)        00000
__CFG_MCLRE$OFF              (abs)        00000
__CFG_PWRTE$OFF              (abs)        00000
__CFG_WDTE$OFF               (abs)        00000
__CFG_WRT$OFF                (abs)        00000
__Habs1                      abs1         00000
__Hbank0                     bank0        00000
__Hbank1                     bank1        00000
__Hbank2                     bank2        00000
__Hbank3                     bank3        00000
__HbssBANK0                  bssBANK0     00000
__HbssBANK1                  bssBANK1     00000
__HbssCOMMON                 bssCOMMON    00000
__Hcinit                     cinit        00021
__Hclrtext                   clrtext      00000
__Hcode                      code         00000
__Hcommon                    common       00000
__Hconfig                    config       02009
__HcstackBANK0               cstackBANK0  00000
__HcstackBANK1               cstackBANK1  00000
__HcstackCOMMON              cstackCOMMON 00000
__Heeprom_data               eeprom_data  00000
__Hend_init                  end_init     0000F
__Hfunctab                   functab      00000
__Hidloc                     idloc        00000
__Hinit                      init         0000C
__Hintentry                  intentry     0000C
__Hmaintext                  maintext     00000
__Hpowerup                   powerup      00000
__Hram                       ram          00000
__Hreset_vec                 reset_vec    00003
__Hsfr0                      sfr0         00000
__Hsfr1                      sfr1         00000
__Hsfr2                      sfr2         00000
__Hsfr3                      sfr3         00000
__Hspace_0                   (abs)        02009
__Hspace_1                   (abs)        000DA
__Hspace_2                   (abs)        00000
__Hspace_3                   (abs)        00000
__Hstack                     stack        00000
__Hstrings                   strings      00000
__Htext                      text         00000
__Labs1                      abs1         00000
__Lbank0                     bank0        00000
__Lbank1                     bank1        00000
__Lbank2                     bank2        00000
__Lbank3                     bank3        00000
__LbssBANK0                  bssBANK0     00000
__LbssBANK1                  bssBANK1     00000
__LbssCOMMON                 bssCOMMON    00000
__Lcinit                     cinit        0000F
__Lclrtext                   clrtext      00000
__Lcode                      code         00000
__Lcommon                    common       00000
__Lconfig                    config       02007
__LcstackBANK0               cstackBANK0  00000
__LcstackBANK1               cstackBANK1  00000
__LcstackCOMMON              cstackCOMMON 00000
__Leeprom_data               eeprom_data  00000
__Lend_init                  end_init     0000C
__Lfunctab                   functab      00000
__Lidloc                     idloc        00000
__Linit                      init         0000C
__Lintentry                  intentry     00004
__Lmaintext                  maintext     00000
__Lpowerup                   powerup      00000
__Lram                       ram          00000
__Lreset_vec                 reset_vec    00000
__Lsfr0                      sfr0         00000
__Lsfr1                      sfr1         00000
__Lsfr2                      sfr2         00000
__Lsfr3                      sfr3         00000
__Lspace_0                   (abs)        00000
__Lspace_1                   (abs)        00000
__Lspace_2                   (abs)        00000
__Lspace_3                   (abs)        00000
__Lstack                     stack        00000
__Lstrings                   strings      00000
__Ltext                      text         00000
__S0                         (abs)        02009
__S1                         (abs)        000DA
__S2                         (abs)        00000
__S3                         (abs)        00000
___aldiv                     text33       012ED
___aldiv@counter             cstackCOMMON 00074
___aldiv@dividend            cstackBANK0  00024
___aldiv@divisor             cstackBANK0  00020
___aldiv@quotient            cstackCOMMON 00076
___aldiv@sign                cstackCOMMON 00075
___awdiv                     text4        01176
___awdiv@counter             cstackBANK0  00025
___awdiv@dividend            cstackBANK0  00022
___awdiv@divisor             cstackBANK0  00020
___awdiv@quotient            cstackBANK0  00027
___awdiv@sign                cstackBANK0  00026
___awmod                     text3        01FA7
___awmod@counter             cstackCOMMON 00078
___awmod@dividend            cstackCOMMON 00075
___awmod@divisor             cstackCOMMON 00073
___awmod@sign                cstackCOMMON 00079
___awtoft                    text26       00800
___awtoft@c                  cstackBANK0  00023
___awtoft@sign               cstackBANK0  00026
___bmul                      text9        01CD4
___bmul@multiplicand         cstackBANK0  00029
___bmul@multiplier           cstackBANK0  0002C
___bmul@product              cstackBANK0  0002B
___ftadd                     text18       00955
___ftadd@exp1                cstackBANK0  00059
___ftadd@exp2                cstackBANK0  00058
___ftadd@f1                  cstackBANK0  0004D
___ftadd@f2                  cstackBANK0  00050
___ftadd@sign                cstackBANK0  00057
___ftge                      text20       01E5D
___ftge@ff1                  cstackCOMMON 00073
___ftge@ff2                  cstackCOMMON 00076
___ftmul                     text25       01524
___ftmul@cntr                cstackBANK0  0003B
___ftmul@exp                 cstackBANK0  00037
___ftmul@f1                  cstackBANK0  0002D
___ftmul@f2                  cstackBANK0  00030
___ftmul@f3_as_product       cstackBANK0  00038
___ftmul@sign                cstackBANK0  0003C
___ftneg                     text19       010BE
___ftneg@f1                  cstackCOMMON 00073
___ftpack                    text27       011DF
___ftpack@arg                cstackCOMMON 00073
___ftpack@exp                cstackCOMMON 00076
___ftpack@sign               cstackCOMMON 00077
___ftsub                     text17       01D0B
___ftsub@f1                  cstackBANK0  0005D
___ftsub@f2                  cstackBANK0  0005A
___fttol                     text16       01261
___fttol@exp1                cstackBANK0  00053
___fttol@f1                  cstackBANK0  00046
___fttol@lval                cstackBANK0  0004F
___fttol@sign1               cstackBANK0  0004E
___int_sp                    stack        00000
___latbits                   (abs)        00002
___lldiv                     text15       0110E
___lldiv@counter             cstackCOMMON 00078
___lldiv@dividend            cstackBANK0  00024
___lldiv@divisor             cstackBANK0  00020
___lldiv@quotient            cstackCOMMON 00074
___llmod                     text14       01F51
___llmod@counter             cstackBANK0  00030
___llmod@dividend            cstackBANK0  0002C
___llmod@divisor             cstackBANK0  00028
___lltoft                    text13       01E2A
___lltoft@c                  cstackBANK0  00023
___lltoft@exp                cstackCOMMON 00079
___lwdiv                     text8        010C8
___lwdiv@counter             cstackBANK0  00026
___lwdiv@dividend            cstackBANK0  00022
___lwdiv@divisor             cstackBANK0  00020
___lwdiv@quotient            cstackBANK0  00024
___lwmod                     text7        01E95
___lwmod@counter             cstackCOMMON 00078
___lwmod@dividend            cstackCOMMON 00075
___lwmod@divisor             cstackCOMMON 00073
___sp                        stack        00000
___stackhi                   (abs)        00000
___stacklo                   (abs)        00000
___wmul                      text12       01D30
___wmul@multiplicand         cstackCOMMON 00075
___wmul@multiplier           cstackCOMMON 00073
___wmul@product              cstackCOMMON 00077
__div_to_l_                  text11       00829
__div_to_l_@cntr             cstackBANK0  0002C
__div_to_l_@exp1             cstackBANK0  0002D
__div_to_l_@f1               cstackCOMMON 00073
__div_to_l_@f2               cstackCOMMON 00076
__div_to_l_@quot             cstackBANK0  00028
__end_of_ISR                 text39       01E2A
__end_of_LCD_Init            text36       01DFD
__end_of_LCD_Set_Cursor      text35       01D7B
__end_of_LCD_clear           text34       01C86
__end_of_PUERTO              text38       01F0D
__end_of_Read_USART          text40       01C8E
__end_of_USART_Init          text32       01524
__end_of_Write_USART         text31       01CAC
__end_of_Write_USART_String  text30       01DA6
__end_of___aldiv             text33       0138A
__end_of___awdiv             text4        011DF
__end_of___awmod             text3        02000
__end_of___awtoft            text26       00829
__end_of___bmul              text9        01CEB
__end_of___ftadd             text18       00A8B
__end_of___ftge              text20       01E95
__end_of___ftmul             text25       01609
__end_of___ftneg             text19       010C8
__end_of___ftpack            text27       01261
__end_of___ftsub             text17       01D30
__end_of___fttol             text16       012ED
__end_of___lldiv             text15       01176
__end_of___llmod             text14       01FA7
__end_of___lltoft            text13       01E5D
__end_of___lwdiv             text8        0110E
__end_of___lwmod             text7        01ECF
__end_of___wmul              text12       01D55
__end_of__div_to_l_          text11       00955
__end_of__initialization     cinit        0001D
__end_of__npowers_           strings      0105E
__end_of__powers_            strings      01037
__end_of__stringtab          strings      01010
__end_of__tdiv_to_l_         text10       01447
__end_of_comandosLCD         text37       01D0B
__end_of_configADC           text29       01CA0
__end_of_configIO            text28       01CD4
__end_of_conversion          text24       01DD1
__end_of_dpowers             strings      01086
__end_of_fround              text6        007E1
__end_of_isdigit             text5        01CBE
__end_of_lecADC              text23       01800
__end_of_main                maintext     01703
__end_of_print_LCD_Char      text22       007FD
__end_of_print_LCD_String    text21       01F51
__end_of_scale               text2        01000
__end_of_sprintf             text1_split_1 00638
__initialization             cinit        0000F
__npowers_                   strings      01037
__pbssBANK0                  bssBANK0     0006C
__pbssBANK1                  bssBANK1     000BF
__pbssCOMMON                 bssCOMMON    0007A
__pcstackBANK0               cstackBANK0  00020
__pcstackBANK1               cstackBANK1  000A0
__pcstackCOMMON              cstackCOMMON 00070
__pintentry                  intentry     00004
__pmaintext                  maintext     01609
__powers_                    strings      01010
__pstrings                   strings      01000
__ptext1                     text1        00A8B
__ptext10                    text10       0138A
__ptext11                    text11       00829
__ptext12                    text12       01D30
__ptext13                    text13       01E2A
__ptext14                    text14       01F51
__ptext15                    text15       0110E
__ptext16                    text16       01261
__ptext17                    text17       01D0B
__ptext18                    text18       00955
__ptext19                    text19       010BE
__ptext2                     text2        00D45
__ptext20                    text20       01E5D
__ptext21                    text21       01F0D
__ptext22                    text22       007E1
__ptext23                    text23       01703
__ptext24                    text24       01DA6
__ptext25                    text25       01524
__ptext26                    text26       00800
__ptext27                    text27       011DF
__ptext28                    text28       01CBE
__ptext29                    text29       01C96
__ptext3                     text3        01FA7
__ptext30                    text30       01D7B
__ptext31                    text31       01CA0
__ptext32                    text32       01447
__ptext33                    text33       012ED
__ptext34                    text34       01C7F
__ptext35                    text35       01D55
__ptext36                    text36       01DD1
__ptext37                    text37       01CEB
__ptext38                    text38       01ECF
__ptext39                    text39       01DFD
__ptext4                     text4        01176
__ptext40                    text40       01C86
__ptext5                     text5        01CAC
__ptext6                     text6        00638
__ptext7                     text7        01E95
__ptext8                     text8        010C8
__ptext9                     text9        01CD4
__size_of_ISR                (abs)        00000
__size_of_LCD_Init           (abs)        00000
__size_of_LCD_Set_Cursor     (abs)        00000
__size_of_LCD_clear          (abs)        00000
__size_of_PUERTO             (abs)        00000
__size_of_Read_USART         (abs)        00000
__size_of_USART_Init         (abs)        00000
__size_of_Write_USART        (abs)        00000
__size_of_Write_USART_String (abs)        00000
__size_of___aldiv            (abs)        00000
__size_of___awdiv            (abs)        00000
__size_of___awmod            (abs)        00000
__size_of___awtoft           (abs)        00000
__size_of___bmul             (abs)        00000
__size_of___ftadd            (abs)        00000
__size_of___ftge             (abs)        00000
__size_of___ftmul            (abs)        00000
__size_of___ftneg            (abs)        00000
__size_of___ftpack           (abs)        00000
__size_of___ftsub            (abs)        00000
__size_of___fttol            (abs)        00000
__size_of___lldiv            (abs)        00000
__size_of___llmod            (abs)        00000
__size_of___lltoft           (abs)        00000
__size_of___lwdiv            (abs)        00000
__size_of___lwmod            (abs)        00000
__size_of___wmul             (abs)        00000
__size_of__div_to_l_         (abs)        00000
__size_of__tdiv_to_l_        (abs)        00000
__size_of_comandosLCD        (abs)        00000
__size_of_configADC          (abs)        00000
__size_of_configIO           (abs)        00000
__size_of_conversion         (abs)        00000
__size_of_fround             (abs)        00000
__size_of_isdigit            (abs)        00000
__size_of_lecADC             (abs)        00000
__size_of_main               (abs)        00000
__size_of_print_LCD_Char     (abs)        00000
__size_of_print_LCD_String   (abs)        00000
__size_of_scale              (abs)        00000
__size_of_sprintf            (abs)        00000
__stringbase                 strings      0100F
__stringtab                  strings      01000
__tdiv_to_l_                 text10       0138A
__tdiv_to_l_@cntr            cstackBANK0  00028
__tdiv_to_l_@exp1            cstackBANK0  00029
__tdiv_to_l_@f1              cstackCOMMON 00073
__tdiv_to_l_@f2              cstackCOMMON 00076
__tdiv_to_l_@quot            cstackBANK0  00024
_comandosLCD                 text37       01CEB
_configADC                   text29       01C96
_configIO                    text28       01CBE
_contador                    bssBANK0     0006D
_conversion                  text24       01DA6
_datos                       bssBANK1     000C6
_dpowers                     strings      0105E
_fround                      text6        00638
_fround$1064                 cstackBANK0  00049
_fround$1065                 cstackBANK0  00046
_isdigit                     text5        01CAC
_isdigit$868                 cstackCOMMON 00073
_lecADC                      text23       01703
_lecturaUSART                bssCOMMON    0007A
_main                        maintext     01609
_print_LCD_Char              text22       007E1
_print_LCD_String            text21       01F0D
_scale                       text2        00D45
_scale$1066                  cstackBANK0  00042
_sprintf                     text1        00A8B
_sprintf$1067                cstackBANK1  000A6
btemp                        (abs)        0007E
clear_ram0                   clrtext      01C8E
comandosLCD@x                cstackCOMMON 00076
conversion@b                 cstackBANK0  00042
end_of_initialization        cinit        0001D
fround@prec                  cstackBANK0  0004C
interrupt_function           intentry     00004
intlevel0                    functab      00000
intlevel1                    functab      00000
intlevel2                    functab      00000
intlevel3                    functab      00000
intlevel4                    functab      00000
intlevel5                    functab      00000
isdigit@c                    cstackCOMMON 00074
lecADC@x                     cstackCOMMON 00075
pnum$text1                   (abs)        0000C
pnum$text1_split_1           (abs)        00035
print_LCD_Char@caracter      cstackCOMMON 00075
print_LCD_String@a           cstackCOMMON 00076
print_LCD_String@i           cstackCOMMON 00078
psplit$0                     (abs)        C0035
reset_vec                    reset_vec    00000
saved_w                      (abs)        0007E
scale@scl                    cstackBANK0  00045
sprintf@ap                   cstackBANK1  000A9
sprintf@c                    cstackBANK1  000BE
sprintf@eexp                 cstackBANK1  000B6
sprintf@f                    cstackBANK0  00060
sprintf@flag                 cstackBANK1  000AA
sprintf@fval                 cstackBANK1  000B8
sprintf@prec                 cstackBANK1  000BC
sprintf@sp                   cstackBANK1  000BB
sprintf@tmpval               cstackBANK1  000AE
sprintf@val                  cstackBANK1  000B2
sprintf@width                cstackBANK1  000AC
start                        init         0000C
start_initialization         cinit        0000F
wtemp0                       (abs)        0007E


FUNCTION INFORMATION:

 *************** function _main *****************
 Defined at:
		line 60 in file "LAB3.c"
 Parameters:    Size  Location     Type
		None
 Auto vars:     Size  Location     Type
		None
 Return value:  Size  Location     Type
                  1    wreg      void 
 Registers used:
		wreg, fsr0l, fsr0h, status,2, status,0, btemp+1, pclath, cstack
 Tracked objects:
		On entry : 
		On exit  : 
		Unchanged: 
 Data sizes:     COMMON   BANK0   BANK1   BANK3   BANK2
      Params:         0       0       0       0       0
      Locals:         0       0       0       0       0
      Temps:          0       3       0       0       0
      Totals:         0       3       0       0       0
Total ram usage:        3 bytes
 Hardware stack levels required when called:    6
 This function calls:
		_LCD_Init
		_LCD_Set_Cursor
		_LCD_clear
		_USART_Init
		_Write_USART
		_Write_USART_String
		_configADC
		_configIO
		_conversion
		_lecADC
		_print_LCD_String
		_sprintf
 This function is called by:
		Startup code after reset
 This function uses a non-reentrant model


 *************** function _sprintf *****************
 Defined at:
		line 505 in file "C:\Program Files (x86)\Microchip\xc8\v2.10\pic\sources\c90\common\doprnt.c"
 Parameters:    Size  Location     Type
  sp              1    wreg     PTR unsigned char 
		 -> datos(20), 
  f               1   64[BANK0 ] PTR const unsigned char 
		 -> STR_2(19), 
 Auto vars:     Size  Location     Type
  sp              1   27[BANK1 ] PTR unsigned char 
		 -> datos(20), 
  val             4   18[BANK1 ] unsigned long 
  tmpval          4   14[BANK1 ] struct .
  fval            3   24[BANK1 ] struct .
  prec            2   28[BANK1 ] int 
  eexp            2   22[BANK1 ] int 
  width           2   12[BANK1 ] int 
  flag            2   10[BANK1 ] unsigned short 
  cp              2    0        PTR const unsigned char 
  len             2    0        unsigned int 
  c               1   30[BANK1 ] unsigned char 
  ap              1    9[BANK1 ] PTR void [1]
		 -> ?_sprintf(2), 
  d               1    0        unsigned char 
 Return value:  Size  Location     Type
                  2   64[BANK0 ] int 
 Registers used:
		wreg, fsr0l, fsr0h, status,2, status,0, btemp+1, pclath, cstack
 Tracked objects:
		On entry : 
		On exit  : 
		Unchanged: 
 Data sizes:     COMMON   BANK0   BANK1   BANK3   BANK2
      Params:         0       9       0       0       0
      Locals:         0       0      25       0       0
      Temps:          0       0       6       0       0
      Totals:         0       9      31       0       0
Total ram usage:       40 bytes
 Hardware stack levels used:    1
 Hardware stack levels required when called:    5
 This function calls:
		___awdiv
		___ftadd
		___ftge
		___ftmul
		___ftneg
		___ftsub
		___fttol
		___lldiv
		___llmod
		___lltoft
		___wmul
		__div_to_l_
		__tdiv_to_l_
		_fround
		_isdigit
		_scale
 This function is called by:
		_main
 This function uses a non-reentrant model


 *************** function _scale *****************
 Defined at:
		line 433 in file "C:\Program Files (x86)\Microchip\xc8\v2.10\pic\sources\c90\common\doprnt.c"
 Parameters:    Size  Location     Type
  scl             1    wreg     char 
 Auto vars:     Size  Location     Type
  scl             1   37[BANK0 ] char 
 Return value:  Size  Location     Type
                  3   29[BANK0 ] char 
 Registers used:
		wreg, fsr0l, fsr0h, status,2, status,0, pclath, cstack
 Tracked objects:
		On entry : 
		On exit  : 
		Unchanged: 
 Data sizes:     COMMON   BANK0   BANK1   BANK3   BANK2
      Params:         0       3       0       0       0
      Locals:         0       4       0       0       0
      Temps:          0       2       0       0       0
      Totals:         0       9       0       0       0
Total ram usage:        9 bytes
 Hardware stack levels used:    1
 Hardware stack levels required when called:    4
 This function calls:
		___awdiv
		___awmod
		___bmul
		___ftmul
 This function is called by:
		_sprintf
 This function uses a non-reentrant model


 *************** function ___awmod *****************
 Defined at:
		line 5 in file "C:\Program Files (x86)\Microchip\xc8\v2.10\pic\sources\c90\common\awmod.c"
 Parameters:    Size  Location     Type
  divisor         2    3[COMMON] int 
  dividend        2    5[COMMON] int 
 Auto vars:     Size  Location     Type
  sign            1    9[COMMON] unsigned char 
  counter         1    8[COMMON] unsigned char 
 Return value:  Size  Location     Type
                  2    3[COMMON] int 
 Registers used:
		wreg, status,2, status,0
 Tracked objects:
		On entry : 
		On exit  : 
		Unchanged: 
 Data sizes:     COMMON   BANK0   BANK1   BANK3   BANK2
      Params:         4       0       0       0       0
      Locals:         2       0       0       0       0
      Temps:          1       0       0       0       0
      Totals:         7       0       0       0       0
Total ram usage:        7 bytes
 Hardware stack levels used:    1
 Hardware stack levels required when called:    2
 This function calls:
		Nothing
 This function is called by:
		_scale
 This function uses a non-reentrant model


 *************** function ___awdiv *****************
 Defined at:
		line 5 in file "C:\Program Files (x86)\Microchip\xc8\v2.10\pic\sources\c90\common\awdiv.c"
 Parameters:    Size  Location     Type
  divisor         2    0[BANK0 ] int 
  dividend        2    2[BANK0 ] int 
 Auto vars:     Size  Location     Type
  quotient        2    7[BANK0 ] int 
  sign            1    6[BANK0 ] unsigned char 
  counter         1    5[BANK0 ] unsigned char 
 Return value:  Size  Location     Type
                  2    0[BANK0 ] int 
 Registers used:
		wreg, status,2, status,0
 Tracked objects:
		On entry : 
		On exit  : 
		Unchanged: 
 Data sizes:     COMMON   BANK0   BANK1   BANK3   BANK2
      Params:         0       4       0       0       0
      Locals:         0       4       0       0       0
      Temps:          0       1       0       0       0
      Totals:         0       9       0       0       0
Total ram usage:        9 bytes
 Hardware stack levels used:    1
 Hardware stack levels required when called:    2
 This function calls:
		Nothing
 This function is called by:
		_scale
		_sprintf
 This function uses a non-reentrant model


 *************** function _isdigit *****************
 Defined at:
		line 8 in file "C:\Program Files (x86)\Microchip\xc8\v2.10\pic\sources\c90\common\isdigit.c"
 Parameters:    Size  Location     Type
  c               1    wreg     unsigned char 
 Auto vars:     Size  Location     Type
  c               1    4[COMMON] unsigned char 
 Return value:  Size  Location     Type
		None               void
 Registers used:
		wreg, status,2, status,0
 Tracked objects:
		On entry : 
		On exit  : 
		Unchanged: 
 Data sizes:     COMMON   BANK0   BANK1   BANK3   BANK2
      Params:         0       0       0       0       0
      Locals:         2       0       0       0       0
      Temps:          0       0       0       0       0
      Totals:         2       0       0       0       0
Total ram usage:        2 bytes
 Hardware stack levels used:    1
 Hardware stack levels required when called:    2
 This function calls:
		Nothing
 This function is called by:
		_sprintf
 This function uses a non-reentrant model


 *************** function _fround *****************
 Defined at:
		line 417 in file "C:\Program Files (x86)\Microchip\xc8\v2.10\pic\sources\c90\common\doprnt.c"
 Parameters:    Size  Location     Type
  prec            1    wreg     unsigned char 
 Auto vars:     Size  Location     Type
  prec            1   44[BANK0 ] unsigned char 
 Return value:  Size  Location     Type
                  3   29[BANK0 ] unsigned char 
 Registers used:
		wreg, fsr0l, fsr0h, status,2, status,0, pclath, cstack
 Tracked objects:
		On entry : 
		On exit  : 
		Unchanged: 
 Data sizes:     COMMON   BANK0   BANK1   BANK3   BANK2
      Params:         0       3       0       0       0
      Locals:         0       7       0       0       0
      Temps:          0       6       0       0       0
      Totals:         0      16       0       0       0
Total ram usage:       16 bytes
 Hardware stack levels used:    1
 Hardware stack levels required when called:    4
 This function calls:
		___bmul
		___ftmul
		___lwdiv
		___lwmod
 This function is called by:
		_sprintf
 This function uses a non-reentrant model


 *************** function ___lwmod *****************
 Defined at:
		line 5 in file "C:\Program Files (x86)\Microchip\xc8\v2.10\pic\sources\c90\common\lwmod.c"
 Parameters:    Size  Location     Type
  divisor         2    3[COMMON] unsigned int 
  dividend        2    5[COMMON] unsigned int 
 Auto vars:     Size  Location     Type
  counter         1    8[COMMON] unsigned char 
 Return value:  Size  Location     Type
                  2    3[COMMON] unsigned int 
 Registers used:
		wreg, status,2, status,0
 Tracked objects:
		On entry : 
		On exit  : 
		Unchanged: 
 Data sizes:     COMMON   BANK0   BANK1   BANK3   BANK2
      Params:         4       0       0       0       0
      Locals:         1       0       0       0       0
      Temps:          1       0       0       0       0
      Totals:         6       0       0       0       0
Total ram usage:        6 bytes
 Hardware stack levels used:    1
 Hardware stack levels required when called:    2
 This function calls:
		Nothing
 This function is called by:
		_fround
 This function uses a non-reentrant model


 *************** function ___lwdiv *****************
 Defined at:
		line 5 in file "C:\Program Files (x86)\Microchip\xc8\v2.10\pic\sources\c90\common\lwdiv.c"
 Parameters:    Size  Location     Type
  divisor         2    0[BANK0 ] unsigned int 
  dividend        2    2[BANK0 ] unsigned int 
 Auto vars:     Size  Location     Type
  quotient        2    4[BANK0 ] unsigned int 
  counter         1    6[BANK0 ] unsigned char 
 Return value:  Size  Location     Type
                  2    0[BANK0 ] unsigned int 
 Registers used:
		wreg, status,2, status,0
 Tracked objects:
		On entry : 
		On exit  : 
		Unchanged: 
 Data sizes:     COMMON   BANK0   BANK1   BANK3   BANK2
      Params:         0       4       0       0       0
      Locals:         0       3       0       0       0
      Temps:          1       0       0       0       0
      Totals:         1       7       0       0       0
Total ram usage:        8 bytes
 Hardware stack levels used:    1
 Hardware stack levels required when called:    2
 This function calls:
		Nothing
 This function is called by:
		_fround
 This function uses a non-reentrant model


 *************** function ___bmul *****************
 Defined at:
		line 4 in file "C:\Program Files (x86)\Microchip\xc8\v2.10\pic\sources\c90\common\Umul8.c"
 Parameters:    Size  Location     Type
  multiplier      1    wreg     unsigned char 
  multiplicand    1    9[BANK0 ] unsigned char 
 Auto vars:     Size  Location     Type
  multiplier      1   12[BANK0 ] unsigned char 
  product         1   11[BANK0 ] unsigned char 
 Return value:  Size  Location     Type
                  1    wreg      unsigned char 
 Registers used:
		wreg, status,2, status,0
 Tracked objects:
		On entry : 
		On exit  : 
		Unchanged: 
 Data sizes:     COMMON   BANK0   BANK1   BANK3   BANK2
      Params:         0       1       0       0       0
      Locals:         0       2       0       0       0
      Temps:          0       1       0       0       0
      Totals:         0       4       0       0       0
Total ram usage:        4 bytes
 Hardware stack levels used:    1
 Hardware stack levels required when called:    2
 This function calls:
		Nothing
 This function is called by:
		_fround
		_scale
 This function uses a non-reentrant model


 *************** function __tdiv_to_l_ *****************
 Defined at:
		line 60 in file "C:\Program Files (x86)\Microchip\xc8\v2.10\pic\sources\c90\common\ftdivl.c"
 Parameters:    Size  Location     Type
  f1              3    3[COMMON] float 
  f2              3    6[COMMON] float 
 Auto vars:     Size  Location     Type
  quot            4    4[BANK0 ] unsigned long 
  exp1            1    9[BANK0 ] unsigned char 
  cntr            1    8[BANK0 ] unsigned char 
 Return value:  Size  Location     Type
                  4    3[COMMON] unsigned long 
 Registers used:
		wreg, status,2, status,0
 Tracked objects:
		On entry : 
		On exit  : 
		Unchanged: 
 Data sizes:     COMMON   BANK0   BANK1   BANK3   BANK2
      Params:         6       0       0       0       0
      Locals:         0       6       0       0       0
      Temps:          0       4       0       0       0
      Totals:         6      10       0       0       0
Total ram usage:       16 bytes
 Hardware stack levels used:    1
 Hardware stack levels required when called:    2
 This function calls:
		Nothing
 This function is called by:
		_sprintf
 This function uses a non-reentrant model


 *************** function __div_to_l_ *****************
 Defined at:
		line 60 in file "C:\Program Files (x86)\Microchip\xc8\v2.10\pic\sources\c90\common\fldivl.c"
 Parameters:    Size  Location     Type
  f1              3    3[COMMON] unsigned long 
  f2              3    6[COMMON] unsigned long 
 Auto vars:     Size  Location     Type
  quot            4    8[BANK0 ] unsigned long 
  exp1            1   13[BANK0 ] unsigned char 
  cntr            1   12[BANK0 ] unsigned char 
 Return value:  Size  Location     Type
                  4    3[COMMON] unsigned long 
 Registers used:
		wreg, fsr0l, fsr0h, status,2, status,0
 Tracked objects:
		On entry : 
		On exit  : 
		Unchanged: 
 Data sizes:     COMMON   BANK0   BANK1   BANK3   BANK2
      Params:         6       0       0       0       0
      Locals:         0       6       0       0       0
      Temps:          0       8       0       0       0
      Totals:         6      14       0       0       0
Total ram usage:       20 bytes
 Hardware stack levels used:    1
 Hardware stack levels required when called:    2
 This function calls:
		Nothing
 This function is called by:
		_sprintf
 This function uses a non-reentrant model


 *************** function ___wmul *****************
 Defined at:
		line 15 in file "C:\Program Files (x86)\Microchip\xc8\v2.10\pic\sources\c90\common\Umul16.c"
 Parameters:    Size  Location     Type
  multiplier      2    3[COMMON] unsigned int 
  multiplicand    2    5[COMMON] unsigned int 
 Auto vars:     Size  Location     Type
  product         2    7[COMMON] unsigned int 
 Return value:  Size  Location     Type
                  2    3[COMMON] unsigned int 
 Registers used:
		wreg, status,2, status,0
 Tracked objects:
		On entry : 
		On exit  : 
		Unchanged: 
 Data sizes:     COMMON   BANK0   BANK1   BANK3   BANK2
      Params:         4       0       0       0       0
      Locals:         2       0       0       0       0
      Temps:          0       0       0       0       0
      Totals:         6       0       0       0       0
Total ram usage:        6 bytes
 Hardware stack levels used:    1
 Hardware stack levels required when called:    2
 This function calls:
		Nothing
 This function is called by:
		_sprintf
 This function uses a non-reentrant model


 *************** function ___lltoft *****************
 Defined at:
		line 35 in file "C:\Program Files (x86)\Microchip\xc8\v2.10\pic\sources\c90\common\lltoft.c"
 Parameters:    Size  Location     Type
  c               4    3[BANK0 ] unsigned long 
 Auto vars:     Size  Location     Type
  exp             1    9[COMMON] unsigned char 
 Return value:  Size  Location     Type
                  3    3[BANK0 ] float 
 Registers used:
		wreg, status,2, status,0, pclath, cstack
 Tracked objects:
		On entry : 
		On exit  : 
		Unchanged: 
 Data sizes:     COMMON   BANK0   BANK1   BANK3   BANK2
      Params:         0       4       0       0       0
      Locals:         1       0       0       0       0
      Temps:          1       0       0       0       0
      Totals:         2       4       0       0       0
Total ram usage:        6 bytes
 Hardware stack levels used:    1
 Hardware stack levels required when called:    3
 This function calls:
		___ftpack
 This function is called by:
		_sprintf
 This function uses a non-reentrant model


 *************** function ___llmod *****************
 Defined at:
		line 5 in file "C:\Program Files (x86)\Microchip\xc8\v2.10\pic\sources\c90\common\llmod.c"
 Parameters:    Size  Location     Type
  divisor         4    8[BANK0 ] unsigned long 
  dividend        4   12[BANK0 ] unsigned long 
 Auto vars:     Size  Location     Type
  counter         1   16[BANK0 ] unsigned char 
 Return value:  Size  Location     Type
                  4    8[BANK0 ] unsigned long 
 Registers used:
		wreg, status,2, status,0
 Tracked objects:
		On entry : 
		On exit  : 
		Unchanged: 
 Data sizes:     COMMON   BANK0   BANK1   BANK3   BANK2
      Params:         0       8       0       0       0
      Locals:         0       1       0       0       0
      Temps:          1       0       0       0       0
      Totals:         1       9       0       0       0
Total ram usage:       10 bytes
 Hardware stack levels used:    1
 Hardware stack levels required when called:    2
 This function calls:
		Nothing
 This function is called by:
		_sprintf
 This function uses a non-reentrant model


 *************** function ___lldiv *****************
 Defined at:
		line 5 in file "C:\Program Files (x86)\Microchip\xc8\v2.10\pic\sources\c90\common\__lldiv.c"
 Parameters:    Size  Location     Type
  divisor         4    0[BANK0 ] unsigned long 
  dividend        4    4[BANK0 ] unsigned long 
 Auto vars:     Size  Location     Type
  quotient        4    4[COMMON] unsigned long 
  counter         1    8[COMMON] unsigned char 
 Return value:  Size  Location     Type
                  4    0[BANK0 ] unsigned long 
 Registers used:
		wreg, status,2, status,0
 Tracked objects:
		On entry : 
		On exit  : 
		Unchanged: 
 Data sizes:     COMMON   BANK0   BANK1   BANK3   BANK2
      Params:         0       8       0       0       0
      Locals:         5       0       0       0       0
      Temps:          1       0       0       0       0
      Totals:         6       8       0       0       0
Total ram usage:       14 bytes
 Hardware stack levels used:    1
 Hardware stack levels required when called:    2
 This function calls:
		Nothing
 This function is called by:
		_sprintf
 This function uses a non-reentrant model


 *************** function ___fttol *****************
 Defined at:
		line 44 in file "C:\Program Files (x86)\Microchip\xc8\v2.10\pic\sources\c90\common\fttol.c"
 Parameters:    Size  Location     Type
  f1              3   38[BANK0 ] float 
 Auto vars:     Size  Location     Type
  lval            4   47[BANK0 ] unsigned long 
  exp1            1   51[BANK0 ] unsigned char 
  sign1           1   46[BANK0 ] unsigned char 
 Return value:  Size  Location     Type
                  4   38[BANK0 ] long 
 Registers used:
		wreg, status,2, status,0
 Tracked objects:
		On entry : 
		On exit  : 
		Unchanged: 
 Data sizes:     COMMON   BANK0   BANK1   BANK3   BANK2
      Params:         0       4       0       0       0
      Locals:         0       6       0       0       0
      Temps:          0       4       0       0       0
      Totals:         0      14       0       0       0
Total ram usage:       14 bytes
 Hardware stack levels used:    1
 Hardware stack levels required when called:    2
 This function calls:
		Nothing
 This function is called by:
		_sprintf
 This function uses a non-reentrant model


 *************** function ___ftsub *****************
 Defined at:
		line 17 in file "C:\Program Files (x86)\Microchip\xc8\v2.10\pic\sources\c90\common\ftsub.c"
 Parameters:    Size  Location     Type
  f2              3   58[BANK0 ] float 
  f1              3   61[BANK0 ] float 
 Auto vars:     Size  Location     Type
		None
 Return value:  Size  Location     Type
                  3   58[BANK0 ] float 
 Registers used:
		wreg, status,2, status,0, pclath, cstack
 Tracked objects:
		On entry : 
		On exit  : 
		Unchanged: 
 Data sizes:     COMMON   BANK0   BANK1   BANK3   BANK2
      Params:         0       6       0       0       0
      Locals:         0       0       0       0       0
      Temps:          0       0       0       0       0
      Totals:         0       6       0       0       0
Total ram usage:        6 bytes
 Hardware stack levels used:    1
 Hardware stack levels required when called:    4
 This function calls:
		___ftadd
 This function is called by:
		_sprintf
 This function uses a non-reentrant model


 *************** function ___ftadd *****************
 Defined at:
		line 86 in file "C:\Program Files (x86)\Microchip\xc8\v2.10\pic\sources\c90\common\ftadd.c"
 Parameters:    Size  Location     Type
  f1              3   45[BANK0 ] float 
  f2              3   48[BANK0 ] float 
 Auto vars:     Size  Location     Type
  exp1            1   57[BANK0 ] unsigned char 
  exp2            1   56[BANK0 ] unsigned char 
  sign            1   55[BANK0 ] unsigned char 
 Return value:  Size  Location     Type
                  3   45[BANK0 ] float 
 Registers used:
		wreg, status,2, status,0, pclath, cstack
 Tracked objects:
		On entry : 
		On exit  : 
		Unchanged: 
 Data sizes:     COMMON   BANK0   BANK1   BANK3   BANK2
      Params:         0       6       0       0       0
      Locals:         0       3       0       0       0
      Temps:          0       4       0       0       0
      Totals:         0      13       0       0       0
Total ram usage:       13 bytes
 Hardware stack levels used:    1
 Hardware stack levels required when called:    3
 This function calls:
		___ftpack
 This function is called by:
		_sprintf
		___ftsub
 This function uses a non-reentrant model


 *************** function ___ftneg *****************
 Defined at:
		line 15 in file "C:\Program Files (x86)\Microchip\xc8\v2.10\pic\sources\c90\common\ftneg.c"
 Parameters:    Size  Location     Type
  f1              3    3[COMMON] float 
 Auto vars:     Size  Location     Type
		None
 Return value:  Size  Location     Type
                  3    3[COMMON] float 
 Registers used:
		wreg
 Tracked objects:
		On entry : 
		On exit  : 
		Unchanged: 
 Data sizes:     COMMON   BANK0   BANK1   BANK3   BANK2
      Params:         3       0       0       0       0
      Locals:         0       0       0       0       0
      Temps:          0       0       0       0       0
      Totals:         3       0       0       0       0
Total ram usage:        3 bytes
 Hardware stack levels used:    1
 Hardware stack levels required when called:    2
 This function calls:
		Nothing
 This function is called by:
		_sprintf
 This function uses a non-reentrant model


 *************** function ___ftge *****************
 Defined at:
		line 4 in file "C:\Program Files (x86)\Microchip\xc8\v2.10\pic\sources\c90\common\ftge.c"
 Parameters:    Size  Location     Type
  ff1             3    3[COMMON] float 
  ff2             3    6[COMMON] float 
 Auto vars:     Size  Location     Type
		None
 Return value:  Size  Location     Type
		None               void
 Registers used:
		wreg, status,2, status,0
 Tracked objects:
		On entry : 
		On exit  : 
		Unchanged: 
 Data sizes:     COMMON   BANK0   BANK1   BANK3   BANK2
      Params:         6       0       0       0       0
      Locals:         0       0       0       0       0
      Temps:          0       0       0       0       0
      Totals:         6       0       0       0       0
Total ram usage:        6 bytes
 Hardware stack levels used:    1
 Hardware stack levels required when called:    2
 This function calls:
		Nothing
 This function is called by:
		_sprintf
 This function uses a non-reentrant model


 *************** function _print_LCD_String *****************
 Defined at:
		line 71 in file "LCD.c"
 Parameters:    Size  Location     Type
  a               2    6[COMMON] PTR unsigned char 
		 -> STR_3(16), datos(20), 
 Auto vars:     Size  Location     Type
  i               2    8[COMMON] int 
 Return value:  Size  Location     Type
                  1    wreg      void 
 Registers used:
		wreg, fsr0l, fsr0h, status,2, status,0, btemp+1, pclath, cstack
 Tracked objects:
		On entry : 
		On exit  : 
		Unchanged: 
 Data sizes:     COMMON   BANK0   BANK1   BANK3   BANK2
      Params:         2       0       0       0       0
      Locals:         2       0       0       0       0
      Temps:          0       3       0       0       0
      Totals:         4       3       0       0       0
Total ram usage:        7 bytes
 Hardware stack levels used:    1
 Hardware stack levels required when called:    4
 This function calls:
		_print_LCD_Char
 This function is called by:
		_main
 This function uses a non-reentrant model


 *************** function _print_LCD_Char *****************
 Defined at:
		line 9 in file "LCD.c"
 Parameters:    Size  Location     Type
  caracter        1    wreg     unsigned char 
 Auto vars:     Size  Location     Type
  caracter        1    5[COMMON] unsigned char 
 Return value:  Size  Location     Type
                  1    wreg      void 
 Registers used:
		wreg, status,2, status,0, pclath, cstack
 Tracked objects:
		On entry : 
		On exit  : 
		Unchanged: 
 Data sizes:     COMMON   BANK0   BANK1   BANK3   BANK2
      Params:         0       0       0       0       0
      Locals:         1       0       0       0       0
      Temps:          1       0       0       0       0
      Totals:         2       0       0       0       0
Total ram usage:        2 bytes
 Hardware stack levels used:    1
 Hardware stack levels required when called:    3
 This function calls:
		_PUERTO
 This function is called by:
		_print_LCD_String
 This function uses a non-reentrant model


 *************** function _lecADC *****************
 Defined at:
		line 12 in file "../../IE3027-LAB2/LAB2.X/ADC.c"
 Parameters:    Size  Location     Type
  x               1    wreg     unsigned char 
 Auto vars:     Size  Location     Type
  x               1    5[COMMON] unsigned char 
 Return value:  Size  Location     Type
                  1    wreg      unsigned char 
 Registers used:
		wreg, fsr0l, fsr0h, status,2, status,0
 Tracked objects:
		On entry : 
		On exit  : 
		Unchanged: 
 Data sizes:     COMMON   BANK0   BANK1   BANK3   BANK2
      Params:         0       0       0       0       0
      Locals:         1       0       0       0       0
      Temps:          2       0       0       0       0
      Totals:         3       0       0       0       0
Total ram usage:        3 bytes
 Hardware stack levels used:    1
 Hardware stack levels required when called:    2
 This function calls:
		Nothing
 This function is called by:
		_main
 This function uses a non-reentrant model


 *************** function _conversion *****************
 Defined at:
		line 100 in file "LAB3.c"
 Parameters:    Size  Location     Type
  b               1    wreg     unsigned char 
 Auto vars:     Size  Location     Type
  b               1   34[BANK0 ] unsigned char 
 Return value:  Size  Location     Type
                  3   29[BANK0 ] float 
 Registers used:
		wreg, status,2, status,0, pclath, cstack
 Tracked objects:
		On entry : 
		On exit  : 
		Unchanged: 
 Data sizes:     COMMON   BANK0   BANK1   BANK3   BANK2
      Params:         0       3       0       0       0
      Locals:         0       1       0       0       0
      Temps:          0       2       0       0       0
      Totals:         0       6       0       0       0
Total ram usage:        6 bytes
 Hardware stack levels used:    1
 Hardware stack levels required when called:    4
 This function calls:
		___awtoft
		___ftmul
 This function is called by:
		_main
 This function uses a non-reentrant model


 *************** function ___ftmul *****************
 Defined at:
		line 62 in file "C:\Program Files (x86)\Microchip\xc8\v2.10\pic\sources\c90\common\ftmul.c"
 Parameters:    Size  Location     Type
  f1              3   13[BANK0 ] float 
  f2              3   16[BANK0 ] float 
 Auto vars:     Size  Location     Type
  f3_as_produc    3   24[BANK0 ] unsigned um
  sign            1   28[BANK0 ] unsigned char 
  cntr            1   27[BANK0 ] unsigned char 
  exp             1   23[BANK0 ] unsigned char 
 Return value:  Size  Location     Type
                  3   13[BANK0 ] float 
 Registers used:
		wreg, status,2, status,0, pclath, cstack
 Tracked objects:
		On entry : 
		On exit  : 
		Unchanged: 
 Data sizes:     COMMON   BANK0   BANK1   BANK3   BANK2
      Params:         0       6       0       0       0
      Locals:         0       6       0       0       0
      Temps:          0       4       0       0       0
      Totals:         0      16       0       0       0
Total ram usage:       16 bytes
 Hardware stack levels used:    1
 Hardware stack levels required when called:    3
 This function calls:
		___ftpack
 This function is called by:
		_conversion
		_fround
		_scale
		_sprintf
 This function uses a non-reentrant model


 *************** function ___awtoft *****************
 Defined at:
		line 32 in file "C:\Program Files (x86)\Microchip\xc8\v2.10\pic\sources\c90\common\awtoft.c"
 Parameters:    Size  Location     Type
  c               2    3[BANK0 ] int 
 Auto vars:     Size  Location     Type
  sign            1    6[BANK0 ] unsigned char 
 Return value:  Size  Location     Type
                  3    3[BANK0 ] float 
 Registers used:
		wreg, status,2, status,0, pclath, cstack
 Tracked objects:
		On entry : 
		On exit  : 
		Unchanged: 
 Data sizes:     COMMON   BANK0   BANK1   BANK3   BANK2
      Params:         0       3       0       0       0
      Locals:         0       1       0       0       0
      Temps:          2       0       0       0       0
      Totals:         2       4       0       0       0
Total ram usage:        6 bytes
 Hardware stack levels used:    1
 Hardware stack levels required when called:    3
 This function calls:
		___ftpack
 This function is called by:
		_conversion
 This function uses a non-reentrant model


 *************** function ___ftpack *****************
 Defined at:
		line 62 in file "C:\Program Files (x86)\Microchip\xc8\v2.10\pic\sources\c90\common\float.c"
 Parameters:    Size  Location     Type
  arg             3    3[COMMON] unsigned um
  exp             1    6[COMMON] unsigned char 
  sign            1    7[COMMON] unsigned char 
 Auto vars:     Size  Location     Type
		None
 Return value:  Size  Location     Type
                  3    3[COMMON] float 
 Registers used:
		wreg, status,2, status,0
 Tracked objects:
		On entry : 
		On exit  : 
		Unchanged: 
 Data sizes:     COMMON   BANK0   BANK1   BANK3   BANK2
      Params:         5       0       0       0       0
      Locals:         0       0       0       0       0
      Temps:          0       3       0       0       0
      Totals:         5       3       0       0       0
Total ram usage:        8 bytes
 Hardware stack levels used:    1
 Hardware stack levels required when called:    2
 This function calls:
		Nothing
 This function is called by:
		___awtoft
		___ftadd
		___ftmul
		___lltoft
 This function uses a non-reentrant model


 *************** function _configIO *****************
 Defined at:
		line 85 in file "LAB3.c"
 Parameters:    Size  Location     Type
		None
 Auto vars:     Size  Location     Type
		None
 Return value:  Size  Location     Type
                  1    wreg      void 
 Registers used:
		status,2
 Tracked objects:
		On entry : 
		On exit  : 
		Unchanged: 
 Data sizes:     COMMON   BANK0   BANK1   BANK3   BANK2
      Params:         0       0       0       0       0
      Locals:         0       0       0       0       0
      Temps:          0       0       0       0       0
      Totals:         0       0       0       0       0
Total ram usage:        0 bytes
 Hardware stack levels used:    1
 Hardware stack levels required when called:    2
 This function calls:
		Nothing
 This function is called by:
		_main
 This function uses a non-reentrant model


 *************** function _configADC *****************
 Defined at:
		line 8 in file "../../IE3027-LAB2/LAB2.X/ADC.c"
 Parameters:    Size  Location     Type
		None
 Auto vars:     Size  Location     Type
		None
 Return value:  Size  Location     Type
                  1    wreg      void 
 Registers used:
		wreg, status,2, status,0
 Tracked objects:
		On entry : 
		On exit  : 
		Unchanged: 
 Data sizes:     COMMON   BANK0   BANK1   BANK3   BANK2
      Params:         0       0       0       0       0
      Locals:         0       0       0       0       0
      Temps:          0       0       0       0       0
      Totals:         0       0       0       0       0
Total ram usage:        0 bytes
 Hardware stack levels used:    1
 Hardware stack levels required when called:    2
 This function calls:
		Nothing
 This function is called by:
		_main
 This function uses a non-reentrant model


 *************** function _Write_USART_String *****************
 Defined at:
		line 34 in file "USART.c"
 Parameters:    Size  Location     Type
  a               2    4[COMMON] PTR unsigned char 
		 -> datos(20), STR_1(21), 
 Auto vars:     Size  Location     Type
  i               1    7[COMMON] unsigned char 
 Return value:  Size  Location     Type
                  1    wreg      void 
 Registers used:
		wreg, fsr0l, fsr0h, status,2, status,0, btemp+1, pclath, cstack
 Tracked objects:
		On entry : 
		On exit  : 
		Unchanged: 
 Data sizes:     COMMON   BANK0   BANK1   BANK3   BANK2
      Params:         2       0       0       0       0
      Locals:         1       0       0       0       0
      Temps:          1       0       0       0       0
      Totals:         4       0       0       0       0
Total ram usage:        4 bytes
 Hardware stack levels used:    1
 Hardware stack levels required when called:    3
 This function calls:
		_Write_USART
 This function is called by:
		_main
 This function uses a non-reentrant model


 *************** function _Write_USART *****************
 Defined at:
		line 30 in file "USART.c"
 Parameters:    Size  Location     Type
  a               1    wreg     unsigned char 
 Auto vars:     Size  Location     Type
  a               1    3[COMMON] unsigned char 
 Return value:  Size  Location     Type
                  1    wreg      void 
 Registers used:
		wreg
 Tracked objects:
		On entry : 
		On exit  : 
		Unchanged: 
 Data sizes:     COMMON   BANK0   BANK1   BANK3   BANK2
      Params:         0       0       0       0       0
      Locals:         1       0       0       0       0
      Temps:          0       0       0       0       0
      Totals:         1       0       0       0       0
Total ram usage:        1 bytes
 Hardware stack levels used:    1
 Hardware stack levels required when called:    2
 This function calls:
		Nothing
 This function is called by:
		_main
		_Write_USART_String
 This function uses a non-reentrant model


 *************** function _USART_Init *****************
 Defined at:
		line 9 in file "USART.c"
 Parameters:    Size  Location     Type
  baudrate        4    8[BANK0 ] const long 
 Auto vars:     Size  Location     Type
  x               2   24[BANK0 ] unsigned int 
 Return value:  Size  Location     Type
                  1    wreg      unsigned char 
 Registers used:
		wreg, status,2, status,0, pclath, cstack
 Tracked objects:
		On entry : 
		On exit  : 
		Unchanged: 
 Data sizes:     COMMON   BANK0   BANK1   BANK3   BANK2
      Params:         0       4       0       0       0
      Locals:         0       2       0       0       0
      Temps:          0      12       0       0       0
      Totals:         0      18       0       0       0
Total ram usage:       18 bytes
 Hardware stack levels used:    1
 Hardware stack levels required when called:    3
 This function calls:
		___aldiv
 This function is called by:
		_main
 This function uses a non-reentrant model


 *************** function ___aldiv *****************
 Defined at:
		line 5 in file "C:\Program Files (x86)\Microchip\xc8\v2.10\pic\sources\c90\common\aldiv.c"
 Parameters:    Size  Location     Type
  divisor         4    0[BANK0 ] long 
  dividend        4    4[BANK0 ] long 
 Auto vars:     Size  Location     Type
  quotient        4    6[COMMON] long 
  sign            1    5[COMMON] unsigned char 
  counter         1    4[COMMON] unsigned char 
 Return value:  Size  Location     Type
                  4    0[BANK0 ] long 
 Registers used:
		wreg, status,2, status,0
 Tracked objects:
		On entry : 
		On exit  : 
		Unchanged: 
 Data sizes:     COMMON   BANK0   BANK1   BANK3   BANK2
      Params:         0       8       0       0       0
      Locals:         6       0       0       0       0
      Temps:          1       0       0       0       0
      Totals:         7       8       0       0       0
Total ram usage:       15 bytes
 Hardware stack levels used:    1
 Hardware stack levels required when called:    2
 This function calls:
		Nothing
 This function is called by:
		_USART_Init
 This function uses a non-reentrant model


 *************** function _LCD_clear *****************
 Defined at:
		line 38 in file "LCD.c"
 Parameters:    Size  Location     Type
		None
 Auto vars:     Size  Location     Type
		None
 Return value:  Size  Location     Type
                  1    wreg      void 
 Registers used:
		wreg, status,2, status,0, pclath, cstack
 Tracked objects:
		On entry : 
		On exit  : 
		Unchanged: 
 Data sizes:     COMMON   BANK0   BANK1   BANK3   BANK2
      Params:         0       0       0       0       0
      Locals:         0       0       0       0       0
      Temps:          0       0       0       0       0
      Totals:         0       0       0       0       0
Total ram usage:        0 bytes
 Hardware stack levels used:    1
 Hardware stack levels required when called:    4
 This function calls:
		_comandosLCD
 This function is called by:
		_main
 This function uses a non-reentrant model


 *************** function _LCD_Set_Cursor *****************
 Defined at:
		line 52 in file "LCD.c"
 Parameters:    Size  Location     Type
  x               1    wreg     unsigned char 
  y               1    7[COMMON] unsigned char 
 Auto vars:     Size  Location     Type
  x               1    0[BANK0 ] unsigned char 
  a               1    1[BANK0 ] unsigned char 
 Return value:  Size  Location     Type
                  1    wreg      void 
 Registers used:
		wreg, status,2, status,0, pclath, cstack
 Tracked objects:
		On entry : 
		On exit  : 
		Unchanged: 
 Data sizes:     COMMON   BANK0   BANK1   BANK3   BANK2
      Params:         1       0       0       0       0
      Locals:         0       2       0       0       0
      Temps:          1       0       0       0       0
      Totals:         2       2       0       0       0
Total ram usage:        4 bytes
 Hardware stack levels used:    1
 Hardware stack levels required when called:    4
 This function calls:
		_comandosLCD
 This function is called by:
		_main
 This function uses a non-reentrant model


 *************** function _LCD_Init *****************
 Defined at:
		line 41 in file "LCD.c"
 Parameters:    Size  Location     Type
		None
 Auto vars:     Size  Location     Type
		None
 Return value:  Size  Location     Type
                  1    wreg      void 
 Registers used:
		wreg, status,2, status,0, pclath, cstack
 Tracked objects:
		On entry : 
		On exit  : 
		Unchanged: 
 Data sizes:     COMMON   BANK0   BANK1   BANK3   BANK2
      Params:         0       0       0       0       0
      Locals:         0       0       0       0       0
      Temps:          2       0       0       0       0
      Totals:         2       0       0       0       0
Total ram usage:        2 bytes
 Hardware stack levels used:    1
 Hardware stack levels required when called:    4
 This function calls:
		_PUERTO
		_comandosLCD
 This function is called by:
		_main
 This function uses a non-reentrant model


 *************** function _comandosLCD *****************
 Defined at:
		line 29 in file "LCD.c"
 Parameters:    Size  Location     Type
  x               1    wreg     unsigned char 
 Auto vars:     Size  Location     Type
  x               1    6[COMMON] unsigned char 
 Return value:  Size  Location     Type
                  1    wreg      void 
 Registers used:
		wreg, status,2, status,0, pclath, cstack
 Tracked objects:
		On entry : 
		On exit  : 
		Unchanged: 
 Data sizes:     COMMON   BANK0   BANK1   BANK3   BANK2
      Params:         0       0       0       0       0
      Locals:         1       0       0       0       0
      Temps:          2       0       0       0       0
      Totals:         3       0       0       0       0
Total ram usage:        3 bytes
 Hardware stack levels used:    1
 Hardware stack levels required when called:    3
 This function calls:
		_PUERTO
 This function is called by:
		_LCD_clear
		_LCD_Init
		_LCD_Set_Cursor
 This function uses a non-reentrant model


 *************** function _PUERTO *****************
 Defined at:
		line 18 in file "LCD.c"
 Parameters:    Size  Location     Type
  x               1    wreg     unsigned char 
 Auto vars:     Size  Location     Type
  x               1    3[COMMON] unsigned char 
 Return value:  Size  Location     Type
                  1    wreg      void 
 Registers used:
		wreg
 Tracked objects:
		On entry : 
		On exit  : 
		Unchanged: 
 Data sizes:     COMMON   BANK0   BANK1   BANK3   BANK2
      Params:         0       0       0       0       0
      Locals:         1       0       0       0       0
      Temps:          0       0       0       0       0
      Totals:         1       0       0       0       0
Total ram usage:        1 bytes
 Hardware stack levels used:    1
 Hardware stack levels required when called:    2
 This function calls:
		Nothing
 This function is called by:
		_print_LCD_Char
		_comandosLCD
		_LCD_Init
 This function uses a non-reentrant model


 *************** function _ISR *****************
 Defined at:
		line 51 in file "LAB3.c"
 Parameters:    Size  Location     Type
		None
 Auto vars:     Size  Location     Type
		None
 Return value:  Size  Location     Type
                  1    wreg      void 
 Registers used:
		wreg, status,2, status,0, pclath, cstack
 Tracked objects:
		On entry : 
		On exit  : 
		Unchanged: 
 Data sizes:     COMMON   BANK0   BANK1   BANK3   BANK2
      Params:         0       0       0       0       0
      Locals:         0       0       0       0       0
      Temps:          3       0       0       0       0
      Totals:         3       0       0       0       0
Total ram usage:        3 bytes
 Hardware stack levels used:    1
 Hardware stack levels required when called:    1
 This function calls:
		_Read_USART
 This function is called by:
		Interrupt level 1
 This function uses a non-reentrant model


 *************** function _Read_USART *****************
 Defined at:
		line 40 in file "USART.c"
 Parameters:    Size  Location     Type
		None
 Auto vars:     Size  Location     Type
		None
 Return value:  Size  Location     Type
                  1    wreg      unsigned char 
 Registers used:
		wreg
 Tracked objects:
		On entry : 
		On exit  : 
		Unchanged: 
 Data sizes:     COMMON   BANK0   BANK1   BANK3   BANK2
      Params:         0       0       0       0       0
      Locals:         0       0       0       0       0
      Temps:          0       0       0       0       0
      Totals:         0       0       0       0       0
Total ram usage:        0 bytes
 Hardware stack levels used:    1
 This function calls:
		Nothing
 This function is called by:
		_ISR
 This function uses a non-reentrant model



MODULE INFORMATION

Module		Function		Class		Link	Load	Size
USART.c
		_Write_USART_String		CODE           	1D7B	0000	44
		_Write_USART   		CODE           	1CA0	0000	13
		_Read_USART    		CODE           	1C86	0000	9
		_USART_Init    		CODE           	1447	0000	222

USART.c estimated size: 288

C:\Program Files (x86)\Microchip\xc8\v2.10\pic\sources\c90\common\lwdiv.c
		___lwdiv       		CODE           	10C8	0000	71

C:\Program Files (x86)\Microchip\xc8\v2.10\pic\sources\c90\common\lwdiv.c estimated size: 71

C:\Program Files (x86)\Microchip\xc8\v2.10\pic\sources\c90\common\awdiv.c
		___awdiv       		CODE           	1176	0000	106

C:\Program Files (x86)\Microchip\xc8\v2.10\pic\sources\c90\common\awdiv.c estimated size: 106

C:\Program Files (x86)\Microchip\xc8\v2.10\pic\sources\c90\common\ftdivl.c
		__tdiv_to_l_   		CODE           	138A	0000	190

C:\Program Files (x86)\Microchip\xc8\v2.10\pic\sources\c90\common\ftdivl.c estimated size: 190

C:\Program Files (x86)\Microchip\xc8\v2.10\pic\sources\c90\common\Umul16.c
		___wmul        		CODE           	1D30	0000	38

C:\Program Files (x86)\Microchip\xc8\v2.10\pic\sources\c90\common\Umul16.c estimated size: 38

C:\Program Files (x86)\Microchip\xc8\v2.10\pic\sources\c90\common\Umul8.c
		___bmul        		CODE           	1CD4	0000	24

C:\Program Files (x86)\Microchip\xc8\v2.10\pic\sources\c90\common\Umul8.c estimated size: 24

C:\Program Files (x86)\Microchip\xc8\v2.10\pic\sources\c90\common\fttol.c
		___fttol       		CODE           	1261	0000	141

C:\Program Files (x86)\Microchip\xc8\v2.10\pic\sources\c90\common\fttol.c estimated size: 141

C:\Program Files (x86)\Microchip\xc8\v2.10\pic\sources\c90\common\fldivl.c
		__div_to_l_    		CODE           	0829	0000	301

C:\Program Files (x86)\Microchip\xc8\v2.10\pic\sources\c90\common\fldivl.c estimated size: 301

../../IE3027-LAB2/LAB2.X/ADC.c
		_configADC     		CODE           	1C96	0000	11
		_lecADC        		CODE           	1703	0000	254

../../IE3027-LAB2/LAB2.X/ADC.c estimated size: 265

C:\Program Files (x86)\Microchip\xc8\v2.10\pic\sources\c90\common\ftadd.c
		___ftadd       		CODE           	0955	0000	311

C:\Program Files (x86)\Microchip\xc8\v2.10\pic\sources\c90\common\ftadd.c estimated size: 311

C:\Program Files (x86)\Microchip\xc8\v2.10\pic\sources\c90\common\aldiv.c
		___aldiv       		CODE           	12ED	0000	158

C:\Program Files (x86)\Microchip\xc8\v2.10\pic\sources\c90\common\aldiv.c estimated size: 158

C:\Program Files (x86)\Microchip\xc8\v2.10\pic\sources\c90\common\__lldiv.c
		___lldiv       		CODE           	110E	0000	105

C:\Program Files (x86)\Microchip\xc8\v2.10\pic\sources\c90\common\__lldiv.c estimated size: 105

C:\Program Files (x86)\Microchip\xc8\v2.10\pic\sources\c90\common\ftneg.c
		___ftneg       		CODE           	10BE	0000	11

C:\Program Files (x86)\Microchip\xc8\v2.10\pic\sources\c90\common\ftneg.c estimated size: 11

shared
		__stringtab    		STRING         	1000	0000	17
		__powers_      		STRING         	1010	0000	40
		_dpowers       		STRING         	105E	0000	41
		__npowers_     		STRING         	1037	0000	40
		__initialization		CODE           	000F	0000	15

shared estimated size: 153

C:\Program Files (x86)\Microchip\xc8\v2.10\pic\sources\c90\common\ftsub.c
		___ftsub       		CODE           	1D0B	0000	38

C:\Program Files (x86)\Microchip\xc8\v2.10\pic\sources\c90\common\ftsub.c estimated size: 38

C:\Program Files (x86)\Microchip\xc8\v2.10\pic\sources\c90\common\float.c
		___ftpack      		CODE           	11DF	0000	131

C:\Program Files (x86)\Microchip\xc8\v2.10\pic\sources\c90\common\float.c estimated size: 131

LAB3.c
		_conversion    		CODE           	1DA6	0000	44
		_ISR           		CODE           	1DFD	0000	46
		_main          		CODE           	1609	0000	251
		_configIO      		CODE           	1CBE	0000	23

LAB3.c estimated size: 364

C:\Program Files (x86)\Microchip\xc8\v2.10\pic\sources\c90\common\awtoft.c
		___awtoft      		CODE           	0800	0000	42

C:\Program Files (x86)\Microchip\xc8\v2.10\pic\sources\c90\common\awtoft.c estimated size: 42

C:\Program Files (x86)\Microchip\xc8\v2.10\pic\sources\c90\common\lwmod.c
		___lwmod       		CODE           	1E95	0000	59

C:\Program Files (x86)\Microchip\xc8\v2.10\pic\sources\c90\common\lwmod.c estimated size: 59

C:\Program Files (x86)\Microchip\xc8\v2.10\pic\sources\c90\common\awmod.c
		___awmod       		CODE           	1FA7	0000	90

C:\Program Files (x86)\Microchip\xc8\v2.10\pic\sources\c90\common\awmod.c estimated size: 90

C:\Program Files (x86)\Microchip\xc8\v2.10\pic\sources\c90\common\ftge.c
		___ftge        		CODE           	1E5D	0000	57

C:\Program Files (x86)\Microchip\xc8\v2.10\pic\sources\c90\common\ftge.c estimated size: 57

C:\Program Files (x86)\Microchip\xc8\v2.10\pic\sources\c90\common\isdigit.c
		_isdigit       		CODE           	1CAC	0000	19

C:\Program Files (x86)\Microchip\xc8\v2.10\pic\sources\c90\common\isdigit.c estimated size: 19

C:\Program Files (x86)\Microchip\xc8\v2.10\pic\sources\c90\common\llmod.c
		___llmod       		CODE           	1F51	0000	87

C:\Program Files (x86)\Microchip\xc8\v2.10\pic\sources\c90\common\llmod.c estimated size: 87

C:\Program Files (x86)\Microchip\xc8\v2.10\pic\sources\c90\common\doprnt.c
		_scale         		CODE           	0D45	0000	700
		_sprintf       		CODE           	0A8B	0000	2258
		_fround        		CODE           	0638	0000	426

C:\Program Files (x86)\Microchip\xc8\v2.10\pic\sources\c90\common\doprnt.c estimated size: 3384

C:\Program Files (x86)\Microchip\xc8\v2.10\pic\sources\c90\common\lltoft.c
		___lltoft      		CODE           	1E2A	0000	52

C:\Program Files (x86)\Microchip\xc8\v2.10\pic\sources\c90\common\lltoft.c estimated size: 52

C:\Program Files (x86)\Microchip\xc8\v2.10\pic\sources\c90\common\ftmul.c
		___ftmul       		CODE           	1524	0000	230

C:\Program Files (x86)\Microchip\xc8\v2.10\pic\sources\c90\common\ftmul.c estimated size: 230

LCD.c
		_LCD_Init      		CODE           	1DD1	0000	45
		_LCD_clear     		CODE           	1C7F	0000	8
		_comandosLCD   		CODE           	1CEB	0000	33
		_PUERTO        		CODE           	1ECF	0000	63
		_LCD_Set_Cursor		CODE           	1D55	0000	39
		_print_LCD_String		CODE           	1F0D	0000	69
		_print_LCD_Char		CODE           	07E1	0000	29

LCD.c estimated size: 286

